2021-03-11 22:34:55,664:INFO:flipkrat.py:Url hitted
2021-03-11 22:34:55,871:INFO:flipkrat.py:login popup handled
2021-03-11 22:34:56,219:INFO:flipkrat.py:Search begins
2021-03-11 22:34:59,039:INFO:flipkrat.py:Data saved in scrapper file
2021-03-11 22:35:58,120:INFO:flipkrat.py:Url hitted
2021-03-11 22:35:58,315:INFO:flipkrat.py:login popup handled
2021-03-11 22:35:58,591:INFO:flipkrat.py:Search begins
2021-03-11 22:36:01,400:INFO:flipkrat.py:Data saved in scrapper file
2021-03-11 22:36:23,309:INFO:flipkrat.py:Url hitted
2021-03-11 22:36:23,496:INFO:flipkrat.py:login popup handled
2021-03-11 22:36:23,770:INFO:flipkrat.py:Search begins
2021-03-11 22:36:33,418:INFO:flipkrat.py:Url hitted
2021-03-11 22:36:33,647:INFO:flipkrat.py:login popup handled
2021-03-11 22:36:34,002:INFO:flipkrat.py:Search begins
2021-03-11 22:36:36,914:INFO:flipkrat.py:Data saved in scrapper file
2021-03-11 22:37:59,845:INFO:flipkrat.py:Thread run completed
2021-03-12 18:10:07,996:INFO:flipkrat.py:Url hitted
2021-03-12 18:10:08,216:INFO:flipkrat.py:login popup handled
2021-03-12 18:10:08,649:INFO:flipkrat.py:Search begins for Nike
2021-03-12 18:10:15,835:INFO:flipkrat.py:Data saved in scrapper file
2021-03-12 18:21:17,976:INFO:flipkrat.py:Url hitted
2021-03-12 18:21:18,307:INFO:flipkrat.py:login popup handled
2021-03-12 18:21:18,661:INFO:flipkrat.py:Search begins for shorts
2021-03-12 18:21:45,120:INFO:flipkrat.py:Thread run completed
2021-03-12 18:51:46,598:INFO:flipkrat.py:Url hitted
2021-03-12 18:51:46,854:INFO:flipkrat.py:login popup handled
2021-03-12 18:51:47,148:INFO:flipkrat.py:Search begins for Nike
2021-03-12 18:51:52,934:INFO:flipkrat.py:Data saved in scrapper file
2021-03-12 18:59:13,412:INFO:flipkrat.py:Url hitted
2021-03-12 18:59:13,585:INFO:flipkrat.py:login popup handled
2021-03-12 18:59:13,871:INFO:flipkrat.py:Search begins for Nike
2021-03-12 18:59:20,027:INFO:flipkrat.py:Data saved in scrapper file
2021-03-12 19:05:39,138:INFO:flipkrat.py:Url hitted
2021-03-12 19:05:39,293:INFO:flipkrat.py:login popup handled
2021-03-12 19:05:39,627:INFO:flipkrat.py:Search begins for Saree
2021-03-12 19:05:45,435:INFO:flipkrat.py:Data saved in scrapper file
2021-03-12 19:48:30,551:INFO:flipkrat.py:Url hitted
2021-03-12 19:48:32,022:INFO:flipkrat.py:login popup handled
2021-03-12 19:48:33,971:INFO:flipkrat.py:Search begins for Nike
2021-03-12 19:48:39,271:INFO:flipkrat.py:Data saved in scrapper file
2021-03-12 19:52:16,469:INFO:flipkrat.py:Url hitted
2021-03-12 19:52:16,797:INFO:flipkrat.py:login popup handled
2021-03-12 19:52:17,244:INFO:flipkrat.py:Search begins for Nike
2021-03-12 19:52:19,627:INFO:flipkrat.py:Data saved in scrapper file
2021-03-12 22:38:31,082:INFO:flipkrat.py:Url hitted
2021-03-12 22:38:31,387:INFO:flipkrat.py:login popup handled
2021-03-12 22:38:31,835:INFO:flipkrat.py:Search begins for Nike
2021-03-12 22:38:38,080:INFO:flipkrat.py:Data saved in scrapper file
2022-03-19 00:30:54,170:INFO:flipkrat.py:Url hitted
2022-03-19 00:30:54,350:INFO:flipkrat.py:login popup handled
2022-03-19 00:30:54,573:INFO:flipkrat.py:Search begins for pocox3
2022-03-19 00:35:04,539:INFO:flipkrat.py:Url hitted
2022-03-19 00:35:04,757:INFO:flipkrat.py:login popup handled
2022-03-19 00:35:05,118:INFO:flipkrat.py:Search begins for pocox3
2022-03-19 00:38:32,812:INFO:flipkrat.py:Url hitted
2022-03-19 00:38:33,010:INFO:flipkrat.py:login popup handled
2022-03-19 00:38:33,244:INFO:flipkrat.py:Search begins for pocox3
2022-03-19 00:40:17,200:INFO:flipkrat.py:Url hitted
2022-03-19 00:40:17,409:INFO:flipkrat.py:login popup handled
2022-03-19 00:40:17,637:INFO:flipkrat.py:Search begins for pocox3
2022-03-19 00:41:13,338:INFO:flipkrat.py:Thread run completed
2022-03-19 11:56:03,246:INFO:flipkrat.py:Url hitted
2022-03-19 11:56:03,396:INFO:flipkrat.py:login popup handled
2022-03-19 11:56:03,641:INFO:flipkrat.py:Search begins for pocoX3
2022-03-19 11:56:57,496:INFO:flipkrat.py:Thread run completed
2022-03-19 12:00:25,463:INFO:flipkrat.py:Url hitted
2022-03-19 12:00:25,585:INFO:flipkrat.py:login popup handled
2022-03-19 12:00:25,792:INFO:flipkrat.py:Search begins for samsung
2022-03-19 12:01:11,435:INFO:flipkrat.py:Thread run completed
2022-03-19 12:07:18,328:INFO:flipkrat.py:Url hitted
2022-03-19 12:07:18,467:INFO:flipkrat.py:login popup handled
2022-03-19 12:07:18,764:INFO:flipkrat.py:Search begins for iphone7
2022-03-19 12:08:35,343:INFO:flipkrat.py:Thread run completed
2022-03-19 13:11:07,909:INFO:flipkrat.py:Url hitted
2022-03-19 13:11:08,016:INFO:flipkrat.py:login popup handled
2022-03-19 13:11:08,177:INFO:flipkrat.py:Search begins for samsung
2022-03-19 13:11:11,170:INFO:flipkrat.py:Data saved in scrapper file
2022-03-19 13:41:22,894:INFO:flipkrat.py:Url hitted
2022-03-19 13:41:23,010:INFO:flipkrat.py:login popup handled
2022-03-19 13:41:23,214:INFO:flipkrat.py:Search begins for iphone7
2022-03-19 13:41:25,983:INFO:flipkrat.py:Data saved in scrapper file
